INFO:     Started server process [12408]
INFO:     Waiting for application startup.
Overriding of current TracerProvider is not allowed
Warning: You are sending unauthenticated requests to the HF Hub. Please set a HF_TOKEN to enable higher rate limits and faster downloads.
Loading weights:   0%|          | 0/199 [00:00<?, ?it/s]Loading weights:  36%|###6      | 72/199 [00:00<00:00, 653.99it/s]Loading weights: 100%|##########| 199/199 [00:00<00:00, 1548.94it/s]
INFO:     Application startup complete.
INFO:     Uvicorn running on http://127.0.0.1:8123 (Press CTRL+C to quit)
Transient error HTTPConnectionPool(host='localhost', port=3000): Max retries exceeded with url: /api/public/otel/v1/traces (Caused by NewConnectionError("HTTPConnection(host='localhost', port=3000): Failed to establish a new connection: [WinError 10061] No connection could be made because the target machine actively refused it")) encountered while exporting span batch, retrying in 0.87s.
Failed to export span batch due to timeout, max retries or shutdown.
{"timestamp": "2026-09-13T12:50:20.103564+00:00", "user_id": "dev", "session_id": "4e175fb3-f75c-473e-970e-7611aa350762", "turn_id": 0, "question": "What was our revenue and operating margin in 2026?", "question_type": "aggregation", "tables_used": ["wm_finance_monthly"], "sql_hash": "b5183b0d52103130", "row_count": 1, "is_truncated": false, "pipeline_duration_ms": 6657.73, "is_success": true, "error_type": null, "error_stage": null}
Transient error HTTPConnectionPool(host='localhost', port=3000): Max retries exceeded with url: /api/public/otel/v1/traces (Caused by NewConnectionError("HTTPConnection(host='localhost', port=3000): Failed to establish a new connection: [WinError 10061] No connection could be made because the target machine actively refused it")) encountered while exporting span batch, retrying in 0.81s.
Failed to export span batch due to timeout, max retries or shutdown.
{"timestamp": "2026-09-13T12:50:44.053564+00:00", "user_id": "dev", "session_id": "4e175fb3-f75c-473e-970e-7611aa350762", "turn_id": 1, "question": "Break that down by region.", "question_type": "follow_up_refine", "tables_used": ["wm_finance_monthly", "wm_contracts", "wm_customers"], "sql_hash": "9704279133986344", "row_count": 4, "is_truncated": false, "pipeline_duration_ms": 23850.93, "is_success": true, "error_type": null, "error_stage": null}
Transient error HTTPConnectionPool(host='localhost', port=3000): Max retries exceeded with url: /api/public/otel/v1/traces (Caused by NewConnectionError("HTTPConnection(host='localhost', port=3000): Failed to establish a new connection: [WinError 10061] No connection could be made because the target machine actively refused it")) encountered while exporting span batch, retrying in 0.85s.
Failed to export span batch due to timeout, max retries or shutdown.
{"timestamp": "2026-09-13T12:50:53.484635+00:00", "user_id": "dev", "session_id": "4e175fb3-f75c-473e-970e-7611aa350762", "turn_id": 2, "question": "Now only show the West.", "question_type": "follow_up_refine", "tables_used": ["wm_finance_monthly", "wm_contracts", "wm_customers"], "sql_hash": "e37a9a1cb7522e59", "row_count": 1, "is_truncated": false, "pipeline_duration_ms": 9410.29, "is_success": true, "error_type": null, "error_stage": null}
{"timestamp": "2026-09-13T12:51:00.778262+00:00", "user_id": "dev", "session_id": "4e175fb3-f75c-473e-970e-7611aa350762", "turn_id": 3, "question": "Compare that with the same months in 2025.", "question_type": "comparison", "tables_used": ["wm_finance_monthly", "wm_contracts", "wm_customers"], "sql_hash": "aead88ac676479b7", "row_count": 2, "is_truncated": false, "pipeline_duration_ms": 7281.17, "is_success": true, "error_type": null, "error_stage": null}
Transient error HTTPConnectionPool(host='localhost', port=3000): Max retries exceeded with url: /api/public/otel/v1/traces (Caused by NewConnectionError("HTTPConnection(host='localhost', port=3000): Failed to establish a new connection: [WinError 10061] No connection could be made because the target machine actively refused it")) encountered while exporting span batch, retrying in 1.12s.
Failed to export span batch due to timeout, max retries or shutdown.
Transient error HTTPConnectionPool(host='localhost', port=3000): Max retries exceeded with url: /api/public/otel/v1/traces (Caused by NewConnectionError("HTTPConnection(host='localhost', port=3000): Failed to establish a new connection: [WinError 10061] No connection could be made because the target machine actively refused it")) encountered while exporting span batch, retrying in 0.94s.
Failed to export span batch due to timeout, max retries or shutdown.
{"timestamp": "2026-09-13T12:59:02.817351+00:00", "user_id": "dev", "session_id": "3b33c0e7-17ba-4ce8-b89e-8ab316193801", "turn_id": 0, "question": "What was our revenue and operating margin in 2026?", "question_type": "aggregation", "tables_used": ["wm_finance_monthly"], "sql_hash": "b5183b0d52103130", "row_count": 1, "is_truncated": false, "pipeline_duration_ms": 4827.48, "is_success": true, "error_type": null, "error_stage": null}
Transient error HTTPConnectionPool(host='localhost', port=3000): Max retries exceeded with url: /api/public/otel/v1/traces (Caused by NewConnectionError("HTTPConnection(host='localhost', port=3000): Failed to establish a new connection: [WinError 10061] No connection could be made because the target machine actively refused it")) encountered while exporting span batch, retrying in 1.09s.
Failed to export span batch due to timeout, max retries or shutdown.
Transient error HTTPConnectionPool(host='localhost', port=3000): Max retries exceeded with url: /api/public/otel/v1/traces (Caused by NewConnectionError("HTTPConnection(host='localhost', port=3000): Failed to establish a new connection: [WinError 10061] No connection could be made because the target machine actively refused it")) encountered while exporting span batch, retrying in 0.96s.
Failed to export span batch due to timeout, max retries or shutdown.
{"timestamp": "2026-09-13T13:03:42.019163+00:00", "user_id": "dev", "session_id": "ec1b9634-3248-44d3-875e-79310872831c", "turn_id": 0, "question": "Compare revenue this year vs last year", "question_type": null, "tables_used": [], "sql_hash": null, "row_count": null, "is_truncated": false, "pipeline_duration_ms": 9502.37, "is_success": false, "error_type": "query_execution_error", "error_stage": "query_execution"}
Transient error HTTPConnectionPool(host='localhost', port=3000): Max retries exceeded with url: /api/public/otel/v1/traces (Caused by NewConnectionError("HTTPConnection(host='localhost', port=3000): Failed to establish a new connection: [WinError 10061] No connection could be made because the target machine actively refused it")) encountered while exporting span batch, retrying in 0.81s.
Failed to export span batch due to timeout, max retries or shutdown.
Transient error HTTPConnectionPool(host='localhost', port=3000): Max retries exceeded with url: /api/public/otel/v1/traces (Caused by NewConnectionError("HTTPConnection(host='localhost', port=3000): Failed to establish a new connection: [WinError 10061] No connection could be made because the target machine actively refused it")) encountered while exporting span batch, retrying in 1.11s.
Failed to export span batch due to timeout, max retries or shutdown.
