INFO:     Started server process [39104]
INFO:     Waiting for application startup.
ERROR:    Traceback (most recent call last):
  File "C:\Users\Lp\Desktop\Tachyon_AI_Engineering\TachyonIQ\.venv\Lib\site-packages\starlette\routing.py", line 648, in lifespan
    async with self.lifespan_context(app) as maybe_state:
               ^^^^^^^^^^^^^^^^^^^^^^^^^^
  File "C:\Users\Lp\AppData\Roaming\uv\python\cpython-3.12-windows-x86_64-none\Lib\contextlib.py", line 210, in __aenter__
    return await anext(self.gen)
           ^^^^^^^^^^^^^^^^^^^^^
  File "C:\Users\Lp\Desktop\Tachyon_AI_Engineering\TachyonIQ\.venv\Lib\site-packages\fastapi\routing.py", line 240, in merged_lifespan
    async with original_context(app) as maybe_original_state:
               ^^^^^^^^^^^^^^^^^^^^^
  File "C:\Users\Lp\AppData\Roaming\uv\python\cpython-3.12-windows-x86_64-none\Lib\contextlib.py", line 210, in __aenter__
    return await anext(self.gen)
           ^^^^^^^^^^^^^^^^^^^^^
  File "C:\Users\Lp\Desktop\Tachyon_AI_Engineering\TachyonIQ\.venv\Lib\site-packages\fastapi\routing.py", line 240, in merged_lifespan
    async with original_context(app) as maybe_original_state:
               ^^^^^^^^^^^^^^^^^^^^^
  File "C:\Users\Lp\AppData\Roaming\uv\python\cpython-3.12-windows-x86_64-none\Lib\contextlib.py", line 210, in __aenter__
    return await anext(self.gen)
           ^^^^^^^^^^^^^^^^^^^^^
  File "C:\Users\Lp\Desktop\Tachyon_AI_Engineering\TachyonIQ\.venv\Lib\site-packages\fastapi\routing.py", line 240, in merged_lifespan
    async with original_context(app) as maybe_original_state:
               ^^^^^^^^^^^^^^^^^^^^^
  File "C:\Users\Lp\AppData\Roaming\uv\python\cpython-3.12-windows-x86_64-none\Lib\contextlib.py", line 210, in __aenter__
    return await anext(self.gen)
           ^^^^^^^^^^^^^^^^^^^^^
  File "C:\Users\Lp\Desktop\Tachyon_AI_Engineering\TachyonIQ\.venv\Lib\site-packages\fastapi\routing.py", line 240, in merged_lifespan
    async with original_context(app) as maybe_original_state:
               ^^^^^^^^^^^^^^^^^^^^^
  File "C:\Users\Lp\AppData\Roaming\uv\python\cpython-3.12-windows-x86_64-none\Lib\contextlib.py", line 210, in __aenter__
    return await anext(self.gen)
           ^^^^^^^^^^^^^^^^^^^^^
  File "C:\Users\Lp\Desktop\Tachyon_AI_Engineering\TachyonIQ\.venv\Lib\site-packages\fastapi\routing.py", line 240, in merged_lifespan
    async with original_context(app) as maybe_original_state:
               ^^^^^^^^^^^^^^^^^^^^^
  File "C:\Users\Lp\AppData\Roaming\uv\python\cpython-3.12-windows-x86_64-none\Lib\contextlib.py", line 210, in __aenter__
    return await anext(self.gen)
           ^^^^^^^^^^^^^^^^^^^^^
  File "C:\Users\Lp\Desktop\Tachyon_AI_Engineering\TachyonIQ\.venv\Lib\site-packages\fastapi\routing.py", line 240, in merged_lifespan
    async with original_context(app) as maybe_original_state:
               ^^^^^^^^^^^^^^^^^^^^^
  File "C:\Users\Lp\AppData\Roaming\uv\python\cpython-3.12-windows-x86_64-none\Lib\contextlib.py", line 210, in __aenter__
    return await anext(self.gen)
           ^^^^^^^^^^^^^^^^^^^^^
  File "C:\Users\Lp\Desktop\Tachyon_AI_Engineering\TachyonIQ\uada\api\app.py", line 179, in lifespan
    app.state.orchestrator = _bootstrap_orchestrator(settings)
                             ^^^^^^^^^^^^^^^^^^^^^^^^^^^^^^^^^
  File "C:\Users\Lp\Desktop\Tachyon_AI_Engineering\TachyonIQ\uada\api\app.py", line 49, in _bootstrap_orchestrator
    from uada.pipeline.result_analyser import ResultAnalyser
  File "C:\Users\Lp\Desktop\Tachyon_AI_Engineering\TachyonIQ\uada\pipeline\result_analyser.py", line 15, in <module>
    import pandas as pd
  File "C:\Users\Lp\Desktop\Tachyon_AI_Engineering\TachyonIQ\.venv\Lib\site-packages\pandas\__init__.py", line 46, in <module>
    from pandas._config import (
  File "C:\Users\Lp\Desktop\Tachyon_AI_Engineering\TachyonIQ\.venv\Lib\site-packages\pandas\_config\__init__.py", line 19, in <module>
    from pandas._config import config
  File "C:\Users\Lp\Desktop\Tachyon_AI_Engineering\TachyonIQ\.venv\Lib\site-packages\pandas\_config\config.py", line 63, in <module>
    from pandas._typing import F
  File "C:\Users\Lp\Desktop\Tachyon_AI_Engineering\TachyonIQ\.venv\Lib\site-packages\pandas\_typing.py", line 200, in <module>
    | np.random.Generator
      ^^^^^^^^^
  File "C:\Users\Lp\Desktop\Tachyon_AI_Engineering\TachyonIQ\.venv\Lib\site-packages\numpy\__init__.py", line 727, in __getattr__
    import numpy.random as random
  File "C:\Users\Lp\Desktop\Tachyon_AI_Engineering\TachyonIQ\.venv\Lib\site-packages\numpy\random\__init__.py", line 180, in <module>
    from . import _bounded_integers, _common, _pickle
  File "C:\Users\Lp\Desktop\Tachyon_AI_Engineering\TachyonIQ\.venv\Lib\site-packages\numpy\random\_pickle.py", line 1, in <module>
    from ._generator import Generator
  File "numpy/random/_generator.pyx", line 23, in init numpy.random._generator
ImportError: DLL load failed while importing _pcg64: An Application Control policy has blocked this file.

ERROR:    Application startup failed. Exiting.
